0 verbose cli C:\Program Files\nodejs\node.exe C:\Program Files\nodejs\node_modules\npm\bin\npm-cli.js
1 info using npm@11.6.2
2 info using node@v25.1.0
3 silly config load:file:C:\Program Files\nodejs\node_modules\npm\npmrc
4 silly config load:file:D:\Assignment\Công nghệ phân mềm\SoftE-Project-251\backend\.npmrc
5 silly config load:file:C:\Users\DELL\.npmrc
6 silly config load:file:D:\Assignment\Công nghệ phân mềm\SoftE-Project-251\backend\%PREFIX%\etc\npmrc
7 verbose title npm install xml2js
8 verbose argv "install" "xml2js"
9 verbose logfile logs-max:10 dir:D:\Assignment\Công nghệ phân mềm\SoftE-Project-251\backend\%CACHE%\_logs\2025-11-28T15_16_16_719Z-
10 verbose logfile D:\Assignment\Công nghệ phân mềm\SoftE-Project-251\backend\%CACHE%\_logs\2025-11-28T15_16_16_719Z-debug-0.log
11 silly logfile start cleaning logs, removing 1 files
12 silly packumentCache heap:2348810240 maxSize:587202560 maxEntrySize:293601280
13 silly logfile done cleaning log files
14 silly idealTree buildDeps
15 silly fetch manifest xml2js@*
16 silly packumentCache full:https://registry.npmjs.org/xml2js cache-miss
17 http fetch GET 200 https://registry.npmjs.org/xml2js 856ms (cache miss)
18 silly packumentCache full:https://registry.npmjs.org/xml2js set size:undefined disposed:false
19 silly placeDep ROOT xml2js@0.6.2 OK for: tutor-ss-backend@1.0.0 want: *
20 silly fetch manifest sax@>=0.6.0
21 silly packumentCache full:https://registry.npmjs.org/sax cache-miss
22 silly fetch manifest xmlbuilder@~11.0.0
23 silly packumentCache full:https://registry.npmjs.org/xmlbuilder cache-miss
24 http fetch GET 200 https://registry.npmjs.org/sax 73ms (cache miss)
25 silly packumentCache full:https://registry.npmjs.org/sax set size:undefined disposed:false
26 http fetch GET 200 https://registry.npmjs.org/xmlbuilder 179ms (cache miss)
27 silly packumentCache full:https://registry.npmjs.org/xmlbuilder set size:undefined disposed:false
28 silly placeDep ROOT sax@1.4.3 OK for: xml2js@0.6.2 want: >=0.6.0
29 silly placeDep ROOT xmlbuilder@11.0.1 OK for: xml2js@0.6.2 want: ~11.0.0
30 silly reify moves {}
31 silly audit bulk request {
31 silly audit   '@types/debug': [ '4.1.12' ],
31 silly audit   '@types/ms': [ '2.1.0' ],
31 silly audit   '@types/node': [ '24.9.1' ],
31 silly audit   '@types/validator': [ '13.15.3' ],
31 silly audit   accepts: [ '1.3.8' ],
31 silly audit   'append-field': [ '1.0.0' ],
31 silly audit   'array-flatten': [ '1.1.1' ],
31 silly audit   asynckit: [ '0.4.0' ],
31 silly audit   'aws-ssl-profiles': [ '1.1.2' ],
31 silly audit   axios: [ '1.13.2' ],
31 silly audit   bcrypt: [ '6.0.0' ],
31 silly audit   bcryptjs: [ '3.0.2' ],
31 silly audit   'body-parser': [ '1.20.3' ],
31 silly audit   qs: [ '6.13.0', '6.14.0' ],
31 silly audit   boolbase: [ '1.0.0' ],
31 silly audit   'buffer-equal-constant-time': [ '1.0.1' ],
31 silly audit   'buffer-from': [ '1.1.2' ],
31 silly audit   busboy: [ '1.6.0' ],
31 silly audit   bytes: [ '3.1.2' ],
31 silly audit   'call-bind-apply-helpers': [ '1.0.2' ],
31 silly audit   'call-bound': [ '1.0.4' ],
31 silly audit   cheerio: [ '1.1.2' ],
31 silly audit   'cheerio-select': [ '2.1.0' ],
31 silly audit   'combined-stream': [ '1.0.8' ],
31 silly audit   'concat-stream': [ '2.0.0' ],
31 silly audit   config: [ '4.1.1' ],
31 silly audit   'content-disposition': [ '0.5.4' ],
31 silly audit   'content-type': [ '1.0.5' ],
31 silly audit   cookie: [ '0.7.1' ],
31 silly audit   'cookie-signature': [ '1.0.6' ],
31 silly audit   cors: [ '2.8.5' ],
31 silly audit   crypto: [ '1.0.1' ],
31 silly audit   'css-select': [ '5.2.2' ],
31 silly audit   'css-what': [ '6.2.2' ],
31 silly audit   dateformat: [ '5.0.3' ],
31 silly audit   debug: [ '2.6.9', '4.4.3' ],
31 silly audit   'delayed-stream': [ '1.0.0' ],
31 silly audit   denque: [ '2.1.0' ],
31 silly audit   depd: [ '2.0.0' ],
31 silly audit   destroy: [ '1.2.0' ],
31 silly audit   'dom-serializer': [ '2.0.0' ],
31 silly audit   domelementtype: [ '2.3.0' ],
31 silly audit   domhandler: [ '5.0.3' ],
31 silly audit   domutils: [ '3.2.2' ],
31 silly audit   dotenv: [ '16.6.1' ],
31 silly audit   dottie: [ '2.0.6' ],
31 silly audit   'dunder-proto': [ '1.0.1' ],
31 silly audit   'ecdsa-sig-formatter': [ '1.0.11' ],
31 silly audit   'ee-first': [ '1.1.1' ],
31 silly audit   encodeurl: [ '2.0.0', '1.0.2' ],
31 silly audit   'encoding-sniffer': [ '0.2.1' ],
31 silly audit   'iconv-lite': [ '0.6.3', '0.4.24', '0.7.0' ],
31 silly audit   entities: [ '4.5.0', '6.0.1' ],
31 silly audit   'es-define-property': [ '1.0.1' ],
31 silly audit   'es-errors': [ '1.3.0' ],
31 silly audit   'es-object-atoms': [ '1.1.1' ],
31 silly audit   'es-set-tostringtag': [ '2.1.0' ],
31 silly audit   'escape-html': [ '1.0.3' ],
31 silly audit   etag: [ '1.8.1' ],
31 silly audit   express: [ '4.21.2' ],
31 silly audit   finalhandler: [ '1.3.1' ],
31 silly audit   'follow-redirects': [ '1.15.11' ],
31 silly audit   'form-data': [ '4.0.5' ],
31 silly audit   forwarded: [ '0.2.0' ],
31 silly audit   fresh: [ '0.5.2' ],
31 silly audit   'function-bind': [ '1.1.2' ],
31 silly audit   'generate-function': [ '2.3.1' ],
31 silly audit   'get-intrinsic': [ '1.3.0' ],
31 silly audit   'get-proto': [ '1.0.1' ],
31 silly audit   gopd: [ '1.2.0' ],
31 silly audit   'has-symbols': [ '1.1.0' ],
31 silly audit   'has-tostringtag': [ '1.0.2' ],
31 silly audit   hasown: [ '2.0.2' ],
31 silly audit   htmlparser2: [ '10.0.0' ],
31 silly audit   'http-errors': [ '2.0.0' ],
31 silly audit   inflection: [ '1.13.4' ],
31 silly audit   inherits: [ '2.0.4' ],
31 silly audit   'ipaddr.js': [ '1.9.1' ],
31 silly audit   'is-property': [ '1.0.2' ],
31 silly audit   json5: [ '2.2.3' ],
31 silly audit   jsonwebtoken: [ '9.0.2' ],
31 silly audit   ms: [ '2.1.3', '2.0.0' ],
31 silly audit   jwa: [ '1.4.2' ],
31 silly audit   jws: [ '3.2.2' ],
31 silly audit   lodash: [ '4.17.21' ],
31 silly audit   'lodash.includes': [ '4.3.0' ],
31 silly audit   'lodash.isboolean': [ '3.0.3' ],
31 silly audit   'lodash.isinteger': [ '4.0.4' ],
31 silly audit   'lodash.isnumber': [ '3.0.3' ],
31 silly audit   'lodash.isplainobject': [ '4.0.6' ],
31 silly audit   'lodash.isstring': [ '4.0.1' ],
31 silly audit   'lodash.once': [ '4.1.1' ],
31 silly audit   long: [ '5.3.2' ],
31 silly audit   'lru-cache': [ '7.18.3' ],
31 silly audit   'lru.min': [ '1.1.2' ],
31 silly audit   'math-intrinsics': [ '1.1.0' ],
31 silly audit   'media-typer': [ '0.3.0' ],
31 silly audit   'merge-descriptors': [ '1.0.3' ],
31 silly audit   methods: [ '1.1.2' ],
31 silly audit   mime: [ '1.6.0' ],
31 silly audit   'mime-db': [ '1.52.0' ],
31 silly audit   'mime-types': [ '2.1.35' ],
31 silly audit   minimist: [ '1.2.8' ],
31 silly audit   mkdirp: [ '0.5.6' ],
31 silly audit   moment: [ '2.30.1' ],
31 silly audit   'moment-timezone': [ '0.5.48' ],
31 silly audit   multer: [ '2.0.2' ],
31 silly audit   mysql2: [ '3.15.3' ],
31 silly audit   'named-placeholders': [ '1.1.3' ],
31 silly audit   negotiator: [ '0.6.3' ],
31 silly audit   'node-addon-api': [ '8.5.0' ],
31 silly audit   'node-cron': [ '4.2.1' ],
31 silly audit   'node-gyp-build': [ '4.8.4' ],
31 silly audit   'nth-check': [ '2.1.1' ],
31 silly audit   'object-assign': [ '4.1.1' ],
31 silly audit   'object-inspect': [ '1.13.4' ],
31 silly audit   'on-finished': [ '2.4.1' ],
31 silly audit   parse5: [ '7.3.0' ],
31 silly audit   'parse5-htmlparser2-tree-adapter': [ '7.1.0' ],
31 silly audit   'parse5-parser-stream': [ '7.1.2' ],
31 silly audit   parseurl: [ '1.3.3' ],
31 silly audit   'path-to-regexp': [ '0.1.12' ],
31 silly audit   'pg-connection-string': [ '2.9.1' ],
31 silly audit   'proxy-addr': [ '2.0.7' ],
31 silly audit   'proxy-from-env': [ '1.1.0' ],
31 silly audit   'range-parser': [ '1.2.1' ],
31 silly audit   'raw-body': [ '2.5.2' ],
31 silly audit   'readable-stream': [ '3.6.2' ],
31 silly audit   'retry-as-promised': [ '7.1.1' ],
31 silly audit   'safe-buffer': [ '5.2.1' ],
31 silly audit   'safer-buffer': [ '2.1.2' ],
31 silly audit   semver: [ '7.7.3' ],
31 silly audit   send: [ '0.19.0' ],
31 silly audit   'seq-queue': [ '0.0.5' ],
31 silly audit   sequelize: [ '6.37.7' ],
31 silly audit   'sequelize-pool': [ '7.1.0' ],
31 silly audit   'serve-static': [ '1.16.2' ],
31 silly audit   setprototypeof: [ '1.2.0' ],
31 silly audit   'side-channel': [ '1.1.0' ],
31 silly audit   'side-channel-list': [ '1.0.0' ],
31 silly audit   'side-channel-map': [ '1.0.1' ],
31 silly audit   'side-channel-weakmap': [ '1.0.2' ],
31 silly audit   sqlstring: [ '2.3.3' ],
31 silly audit   statuses: [ '2.0.1' ],
31 silly audit   streamsearch: [ '1.1.0' ],
31 silly audit   string_decoder: [ '1.3.0' ],
31 silly audit   tldts: [ '7.0.19' ],
31 silly audit   'tldts-core': [ '7.0.19' ],
31 silly audit   toidentifier: [ '1.0.1' ],
31 silly audit   'toposort-class': [ '1.0.1' ],
31 silly audit   'tough-cookie': [ '6.0.0' ],
31 silly audit   'type-is': [ '1.6.18' ],
31 silly audit   typedarray: [ '0.0.6' ],
31 silly audit   undici: [ '7.16.0' ],
31 silly audit   'undici-types': [ '7.16.0' ],
31 silly audit   unpipe: [ '1.0.0' ],
31 silly audit   'util-deprecate': [ '1.0.2' ],
31 silly audit   'utils-merge': [ '1.0.1' ],
31 silly audit   uuid: [ '8.3.2' ],
31 silly audit   validator: [ '13.15.20' ],
31 silly audit   vary: [ '1.1.2' ],
31 silly audit   'whatwg-encoding': [ '3.1.1' ],
31 silly audit   'whatwg-mimetype': [ '4.0.0' ],
31 silly audit   wkx: [ '0.5.0' ],
31 silly audit   xtend: [ '4.0.2' ],
31 silly audit   xml2js: [ '0.6.2' ],
31 silly audit   sax: [ '1.4.3' ],
31 silly audit   xmlbuilder: [ '11.0.1' ]
31 silly audit }
32 http cache xmlbuilder@https://registry.npmjs.org/xmlbuilder/-/xmlbuilder-11.0.1.tgz 0ms (cache hit)
33 http cache sax@https://registry.npmjs.org/sax/-/sax-1.4.3.tgz 0ms (cache hit)
34 silly tarball no local data for xmlbuilder@https://registry.npmjs.org/xmlbuilder/-/xmlbuilder-11.0.1.tgz. Extracting by manifest.
35 http cache xml2js@https://registry.npmjs.org/xml2js/-/xml2js-0.6.2.tgz 0ms (cache hit)
36 silly tarball no local data for sax@https://registry.npmjs.org/sax/-/sax-1.4.3.tgz. Extracting by manifest.
37 silly tarball no local data for xml2js@https://registry.npmjs.org/xml2js/-/xml2js-0.6.2.tgz. Extracting by manifest.
38 http fetch GET 200 https://registry.npmjs.org/xmlbuilder/-/xmlbuilder-11.0.1.tgz 137ms (cache miss)
39 http fetch GET 200 https://registry.npmjs.org/sax/-/sax-1.4.3.tgz 213ms (cache miss)
40 http fetch POST 200 https://registry.npmjs.org/-/npm/v1/security/advisories/bulk 244ms
41 silly audit report {}
42 http fetch GET 200 https://registry.npmjs.org/xml2js/-/xml2js-0.6.2.tgz 579ms (cache miss)
43 silly ADD node_modules/xmlbuilder
44 silly ADD node_modules/sax
45 silly ADD node_modules/xml2js
46 verbose cwd D:\Assignment\Công nghệ phân mềm\SoftE-Project-251\backend
47 verbose os Windows_NT 10.0.26200
48 verbose node v25.1.0
49 verbose npm  v11.6.2
50 verbose exit 0
51 info ok
